===== BATCH DEBUG LOG (tail 400 lines) =====
2026-09-27 21:27:55,050 [INFO] run_quarterly: ============================================================
2026-09-27 21:27:55,050 [INFO] run_quarterly: [1/7] Fetching dữ liệu...
2026-09-27 21:27:55,077 [INFO] src.data.fetcher: [VNI] Dùng cache OHLCV (đến 2026-09-25)
2026-09-27 21:27:55,117 [INFO] src.data.fetcher: [FF] Dùng toàn bộ cache foreign flows (đến 2026-09-25)
2026-09-27 21:27:55,117 [WARNING] src.data.fetcher: [SBV] Không tìm thấy /home/runner/work/VN_Index_Scoring_Quarterly_Quant_Model/VN_Index_Scoring_Quarterly_Quant_Model/data/raw/macro_sbv.csv
Vui lòng tải dữ liệu từ sbv.gov.vn và lưu vào data/raw/macro_sbv.csv
Schema: date, omo_overnight_rate, deposit_12m_rate, usd_vnd_rate
Hiện tại trả về DataFrame trống — một số tính toán sẽ bị skip.
2026-09-27 21:27:55,119 [INFO] src.data.fetcher: [FX] Dùng cache USD/VND (2274 rows)
2026-09-27 21:27:55,121 [INFO] src.data.fetcher: [GLOBAL] Dùng cache global indicators (2276 rows)
2026-09-27 21:27:55,121 [WARNING] src.data.fetcher: [MARGIN] Không tìm thấy /home/runner/work/VN_Index_Scoring_Quarterly_Quant_Model/VN_Index_Scoring_Quarterly_Quant_Model/data/raw/margin_debt_monthly.csv
Lấy từ: https://www.hsx.vn/Modules/Listed/Web/FinanceReport
Schema: date, margin_debt_b_vnd, margin_debt_mom_pct
2026-09-27 21:27:55,122 [WARNING] src.data.fetcher: [M2] Không tìm thấy /home/runner/work/VN_Index_Scoring_Quarterly_Quant_Model/VN_Index_Scoring_Quarterly_Quant_Model/data/raw/m2_credit_monthly.csv
Lấy từ: https://www.sbv.gov.vn → Thống kê → Cung tiền & Tín dụng
Schema: date, m2_yoy_pct, credit_growth_yoy_pct, m2_b_vnd
2026-09-27 21:27:55,122 [INFO] src.data.fetcher: [BONDS] Đang tải dữ liệu trái phiếu từ GitHub Pages: https://ftu-kudo.github.io/VN_Bond_Yield_pipeline/exports/data/fitted_curve_ns.json
2026-09-27 21:27:55,232 [INFO] src.data.fetcher: [BONDS] Tải thành công 1000 ngày dữ liệu trái phiếu từ GitHub
2026-09-27 21:27:55,237 [INFO] src.data.fetcher: [OIL] Dùng cache Brent Oil (2198 rows)
2026-09-27 21:27:55,237 [INFO] run_quarterly: [2/7] Feature engineering...
2026-09-27 21:27:55,237 [INFO] src.features.macro_features: [Macro] Building macro features...
2026-09-27 21:27:55,255 [INFO] src.features.macro_features: [Macro] Đã lưu 1995 rows, 34 cols → /home/runner/work/VN_Index_Scoring_Quarterly_Quant_Model/VN_Index_Scoring_Quarterly_Quant_Model/data/features/macro_features.parquet
2026-09-27 21:27:55,255 [INFO] src.features.global_features: [Global] Building global intermarket features...
/home/runner/work/VN_Index_Scoring_Quarterly_Quant_Model/VN_Index_Scoring_Quarterly_Quant_Model/src/features/global_features.py:54: FutureWarning: The default fill_method='pad' in Series.pct_change is deprecated and will be removed in a future version. Call ffill before calling pct_change to retain current behavior and silence this warning.
  df["delta_dxy"] = df["dxy_close"].pct_change()
/home/runner/work/VN_Index_Scoring_Quarterly_Quant_Model/VN_Index_Scoring_Quarterly_Quant_Model/src/features/global_features.py:63: FutureWarning: The default fill_method='pad' in Series.pct_change is deprecated and will be removed in a future version. Call ffill before calling pct_change to retain current behavior and silence this warning.
  df["dxy_momentum_20d"] = df["dxy_close"].pct_change(20)
2026-09-27 21:27:55,306 [INFO] src.features.valuation_features: [PE/PB] Load từ cache local: 530881 rows
Traceback (most recent call last):
  File "offsets.pyx", line 4447, in pandas._libs.tslibs.offsets._get_offset
KeyError: 'QE'

The above exception was the direct cause of the following exception:

Traceback (most recent call last):
  File "offsets.pyx", line 4549, in pandas._libs.tslibs.offsets.to_offset
  File "offsets.pyx", line 4453, in pandas._libs.tslibs.offsets._get_offset
ValueError: Invalid frequency: QE

The above exception was the direct cause of the following exception:

Traceback (most recent call last):
  File "/home/runner/work/VN_Index_Scoring_Quarterly_Quant_Model/VN_Index_Scoring_Quarterly_Quant_Model/run_quarterly.py", line 498, in <module>
    run_pipeline(args)
  File "/home/runner/work/VN_Index_Scoring_Quarterly_Quant_Model/VN_Index_Scoring_Quarterly_Quant_Model/run_quarterly.py", line 133, in run_pipeline
    df_global_feat = build_global_features(df_vni, df_global, df_ff, df_oil)
                     ^^^^^^^^^^^^^^^^^^^^^^^^^^^^^^^^^^^^^^^^^^^^^^^^^^^^^^^
  File "/home/runner/work/VN_Index_Scoring_Quarterly_Quant_Model/VN_Index_Scoring_Quarterly_Quant_Model/src/features/global_features.py", line 423, in build_global_features
    df_nff = build_foreign_flow_features(df_ff, df_pepb)
             ^^^^^^^^^^^^^^^^^^^^^^^^^^^^^^^^^^^^^^^^^^^
  File "/home/runner/work/VN_Index_Scoring_Quarterly_Quant_Model/VN_Index_Scoring_Quarterly_Quant_Model/src/features/global_features.py", line 261, in build_foreign_flow_features
    df_q = df.set_index("date").resample("QE")[["nff_ex_etf_pct", "etf_flow_pct"]].sum().reset_index()
           ^^^^^^^^^^^^^^^^^^^^^^^^^^^^^^^^^^^
  File "/opt/hostedtoolcache/Python/3.11.16/x64/lib/python3.11/site-packages/pandas/core/generic.py", line 9432, in resample
    return get_resampler(
           ^^^^^^^^^^^^^^
  File "/opt/hostedtoolcache/Python/3.11.16/x64/lib/python3.11/site-packages/pandas/core/resample.py", line 1969, in get_resampler
    tg = TimeGrouper(**kwds)
         ^^^^^^^^^^^^^^^^^^^
  File "/opt/hostedtoolcache/Python/3.11.16/x64/lib/python3.11/site-packages/pandas/core/resample.py", line 2046, in __init__
    freq = to_offset(freq)
           ^^^^^^^^^^^^^^^
  File "offsets.pyx", line 4460, in pandas._libs.tslibs.offsets.to_offset
  File "offsets.pyx", line 4557, in pandas._libs.tslibs.offsets.to_offset
ValueError: Invalid frequency: QE
2026-09-27 21:27:55,738 [INFO] run_quarterly: ============================================================
2026-09-27 21:27:55,738 [INFO] run_quarterly: VN-INDEX QUARTERLY SCORING PIPELINE — 2025-Q4
2026-09-27 21:27:55,738 [INFO] run_quarterly: ============================================================
2026-09-27 21:27:55,738 [INFO] run_quarterly: [1/7] Fetching dữ liệu...
2026-09-27 21:27:55,763 [INFO] src.data.fetcher: [VNI] Dùng cache OHLCV (đến 2026-09-25)
2026-09-27 21:27:55,800 [INFO] src.data.fetcher: [FF] Dùng toàn bộ cache foreign flows (đến 2026-09-25)
2026-09-27 21:27:55,800 [WARNING] src.data.fetcher: [SBV] Không tìm thấy /home/runner/work/VN_Index_Scoring_Quarterly_Quant_Model/VN_Index_Scoring_Quarterly_Quant_Model/data/raw/macro_sbv.csv
Vui lòng tải dữ liệu từ sbv.gov.vn và lưu vào data/raw/macro_sbv.csv
Schema: date, omo_overnight_rate, deposit_12m_rate, usd_vnd_rate
Hiện tại trả về DataFrame trống — một số tính toán sẽ bị skip.
2026-09-27 21:27:55,802 [INFO] src.data.fetcher: [FX] Dùng cache USD/VND (2274 rows)
2026-09-27 21:27:55,803 [INFO] src.data.fetcher: [GLOBAL] Dùng cache global indicators (2276 rows)
2026-09-27 21:27:55,803 [WARNING] src.data.fetcher: [MARGIN] Không tìm thấy /home/runner/work/VN_Index_Scoring_Quarterly_Quant_Model/VN_Index_Scoring_Quarterly_Quant_Model/data/raw/margin_debt_monthly.csv
Lấy từ: https://www.hsx.vn/Modules/Listed/Web/FinanceReport
Schema: date, margin_debt_b_vnd, margin_debt_mom_pct
2026-09-27 21:27:55,804 [WARNING] src.data.fetcher: [M2] Không tìm thấy /home/runner/work/VN_Index_Scoring_Quarterly_Quant_Model/VN_Index_Scoring_Quarterly_Quant_Model/data/raw/m2_credit_monthly.csv
Lấy từ: https://www.sbv.gov.vn → Thống kê → Cung tiền & Tín dụng
Schema: date, m2_yoy_pct, credit_growth_yoy_pct, m2_b_vnd
2026-09-27 21:27:55,804 [INFO] src.data.fetcher: [BONDS] Đang tải dữ liệu trái phiếu từ GitHub Pages: https://ftu-kudo.github.io/VN_Bond_Yield_pipeline/exports/data/fitted_curve_ns.json
2026-09-27 21:27:55,908 [INFO] src.data.fetcher: [BONDS] Tải thành công 1000 ngày dữ liệu trái phiếu từ GitHub
2026-09-27 21:27:55,913 [INFO] src.data.fetcher: [OIL] Dùng cache Brent Oil (2198 rows)
2026-09-27 21:27:55,913 [INFO] run_quarterly: [2/7] Feature engineering...
2026-09-27 21:27:55,913 [INFO] src.features.macro_features: [Macro] Building macro features...
2026-09-27 21:27:55,927 [INFO] src.features.macro_features: [Macro] Đã lưu 1995 rows, 34 cols → /home/runner/work/VN_Index_Scoring_Quarterly_Quant_Model/VN_Index_Scoring_Quarterly_Quant_Model/data/features/macro_features.parquet
2026-09-27 21:27:55,927 [INFO] src.features.global_features: [Global] Building global intermarket features...
/home/runner/work/VN_Index_Scoring_Quarterly_Quant_Model/VN_Index_Scoring_Quarterly_Quant_Model/src/features/global_features.py:54: FutureWarning: The default fill_method='pad' in Series.pct_change is deprecated and will be removed in a future version. Call ffill before calling pct_change to retain current behavior and silence this warning.
  df["delta_dxy"] = df["dxy_close"].pct_change()
/home/runner/work/VN_Index_Scoring_Quarterly_Quant_Model/VN_Index_Scoring_Quarterly_Quant_Model/src/features/global_features.py:63: FutureWarning: The default fill_method='pad' in Series.pct_change is deprecated and will be removed in a future version. Call ffill before calling pct_change to retain current behavior and silence this warning.
  df["dxy_momentum_20d"] = df["dxy_close"].pct_change(20)
2026-09-27 21:27:55,979 [INFO] src.features.valuation_features: [PE/PB] Load từ cache local: 530881 rows
Traceback (most recent call last):
  File "offsets.pyx", line 4447, in pandas._libs.tslibs.offsets._get_offset
KeyError: 'QE'

The above exception was the direct cause of the following exception:

Traceback (most recent call last):
  File "offsets.pyx", line 4549, in pandas._libs.tslibs.offsets.to_offset
  File "offsets.pyx", line 4453, in pandas._libs.tslibs.offsets._get_offset
ValueError: Invalid frequency: QE

The above exception was the direct cause of the following exception:

Traceback (most recent call last):
  File "/home/runner/work/VN_Index_Scoring_Quarterly_Quant_Model/VN_Index_Scoring_Quarterly_Quant_Model/run_quarterly.py", line 498, in <module>
    run_pipeline(args)
  File "/home/runner/work/VN_Index_Scoring_Quarterly_Quant_Model/VN_Index_Scoring_Quarterly_Quant_Model/run_quarterly.py", line 133, in run_pipeline
    df_global_feat = build_global_features(df_vni, df_global, df_ff, df_oil)
                     ^^^^^^^^^^^^^^^^^^^^^^^^^^^^^^^^^^^^^^^^^^^^^^^^^^^^^^^
  File "/home/runner/work/VN_Index_Scoring_Quarterly_Quant_Model/VN_Index_Scoring_Quarterly_Quant_Model/src/features/global_features.py", line 423, in build_global_features
    df_nff = build_foreign_flow_features(df_ff, df_pepb)
             ^^^^^^^^^^^^^^^^^^^^^^^^^^^^^^^^^^^^^^^^^^^
  File "/home/runner/work/VN_Index_Scoring_Quarterly_Quant_Model/VN_Index_Scoring_Quarterly_Quant_Model/src/features/global_features.py", line 261, in build_foreign_flow_features
    df_q = df.set_index("date").resample("QE")[["nff_ex_etf_pct", "etf_flow_pct"]].sum().reset_index()
           ^^^^^^^^^^^^^^^^^^^^^^^^^^^^^^^^^^^
  File "/opt/hostedtoolcache/Python/3.11.16/x64/lib/python3.11/site-packages/pandas/core/generic.py", line 9432, in resample
    return get_resampler(
           ^^^^^^^^^^^^^^
  File "/opt/hostedtoolcache/Python/3.11.16/x64/lib/python3.11/site-packages/pandas/core/resample.py", line 1969, in get_resampler
    tg = TimeGrouper(**kwds)
         ^^^^^^^^^^^^^^^^^^^
  File "/opt/hostedtoolcache/Python/3.11.16/x64/lib/python3.11/site-packages/pandas/core/resample.py", line 2046, in __init__
    freq = to_offset(freq)
           ^^^^^^^^^^^^^^^
  File "offsets.pyx", line 4460, in pandas._libs.tslibs.offsets.to_offset
  File "offsets.pyx", line 4557, in pandas._libs.tslibs.offsets.to_offset
ValueError: Invalid frequency: QE
2026-09-27 21:27:56,448 [INFO] run_quarterly: ============================================================
2026-09-27 21:27:56,448 [INFO] run_quarterly: VN-INDEX QUARTERLY SCORING PIPELINE — 2026-Q1
2026-09-27 21:27:56,448 [INFO] run_quarterly: ============================================================
2026-09-27 21:27:56,448 [INFO] run_quarterly: [1/7] Fetching dữ liệu...
2026-09-27 21:27:56,473 [INFO] src.data.fetcher: [VNI] Dùng cache OHLCV (đến 2026-09-25)
2026-09-27 21:27:56,510 [INFO] src.data.fetcher: [FF] Dùng toàn bộ cache foreign flows (đến 2026-09-25)
2026-09-27 21:27:56,511 [WARNING] src.data.fetcher: [SBV] Không tìm thấy /home/runner/work/VN_Index_Scoring_Quarterly_Quant_Model/VN_Index_Scoring_Quarterly_Quant_Model/data/raw/macro_sbv.csv
Vui lòng tải dữ liệu từ sbv.gov.vn và lưu vào data/raw/macro_sbv.csv
Schema: date, omo_overnight_rate, deposit_12m_rate, usd_vnd_rate
Hiện tại trả về DataFrame trống — một số tính toán sẽ bị skip.
2026-09-27 21:27:56,513 [INFO] src.data.fetcher: [FX] Dùng cache USD/VND (2274 rows)
2026-09-27 21:27:56,514 [INFO] src.data.fetcher: [GLOBAL] Dùng cache global indicators (2276 rows)
2026-09-27 21:27:56,515 [WARNING] src.data.fetcher: [MARGIN] Không tìm thấy /home/runner/work/VN_Index_Scoring_Quarterly_Quant_Model/VN_Index_Scoring_Quarterly_Quant_Model/data/raw/margin_debt_monthly.csv
Lấy từ: https://www.hsx.vn/Modules/Listed/Web/FinanceReport
Schema: date, margin_debt_b_vnd, margin_debt_mom_pct
2026-09-27 21:27:56,515 [WARNING] src.data.fetcher: [M2] Không tìm thấy /home/runner/work/VN_Index_Scoring_Quarterly_Quant_Model/VN_Index_Scoring_Quarterly_Quant_Model/data/raw/m2_credit_monthly.csv
Lấy từ: https://www.sbv.gov.vn → Thống kê → Cung tiền & Tín dụng
Schema: date, m2_yoy_pct, credit_growth_yoy_pct, m2_b_vnd
2026-09-27 21:27:56,515 [INFO] src.data.fetcher: [BONDS] Đang tải dữ liệu trái phiếu từ GitHub Pages: https://ftu-kudo.github.io/VN_Bond_Yield_pipeline/exports/data/fitted_curve_ns.json
2026-09-27 21:27:56,580 [INFO] src.data.fetcher: [BONDS] Tải thành công 1000 ngày dữ liệu trái phiếu từ GitHub
2026-09-27 21:27:56,585 [INFO] src.data.fetcher: [OIL] Dùng cache Brent Oil (2198 rows)
2026-09-27 21:27:56,585 [INFO] run_quarterly: [2/7] Feature engineering...
2026-09-27 21:27:56,585 [INFO] src.features.macro_features: [Macro] Building macro features...
2026-09-27 21:27:56,600 [INFO] src.features.macro_features: [Macro] Đã lưu 1995 rows, 34 cols → /home/runner/work/VN_Index_Scoring_Quarterly_Quant_Model/VN_Index_Scoring_Quarterly_Quant_Model/data/features/macro_features.parquet
2026-09-27 21:27:56,600 [INFO] src.features.global_features: [Global] Building global intermarket features...
/home/runner/work/VN_Index_Scoring_Quarterly_Quant_Model/VN_Index_Scoring_Quarterly_Quant_Model/src/features/global_features.py:54: FutureWarning: The default fill_method='pad' in Series.pct_change is deprecated and will be removed in a future version. Call ffill before calling pct_change to retain current behavior and silence this warning.
  df["delta_dxy"] = df["dxy_close"].pct_change()
/home/runner/work/VN_Index_Scoring_Quarterly_Quant_Model/VN_Index_Scoring_Quarterly_Quant_Model/src/features/global_features.py:63: FutureWarning: The default fill_method='pad' in Series.pct_change is deprecated and will be removed in a future version. Call ffill before calling pct_change to retain current behavior and silence this warning.
  df["dxy_momentum_20d"] = df["dxy_close"].pct_change(20)
2026-09-27 21:27:56,653 [INFO] src.features.valuation_features: [PE/PB] Load từ cache local: 530881 rows
Traceback (most recent call last):
  File "offsets.pyx", line 4447, in pandas._libs.tslibs.offsets._get_offset
KeyError: 'QE'

The above exception was the direct cause of the following exception:

Traceback (most recent call last):
  File "offsets.pyx", line 4549, in pandas._libs.tslibs.offsets.to_offset
  File "offsets.pyx", line 4453, in pandas._libs.tslibs.offsets._get_offset
ValueError: Invalid frequency: QE

The above exception was the direct cause of the following exception:

Traceback (most recent call last):
  File "/home/runner/work/VN_Index_Scoring_Quarterly_Quant_Model/VN_Index_Scoring_Quarterly_Quant_Model/run_quarterly.py", line 498, in <module>
    run_pipeline(args)
  File "/home/runner/work/VN_Index_Scoring_Quarterly_Quant_Model/VN_Index_Scoring_Quarterly_Quant_Model/run_quarterly.py", line 133, in run_pipeline
    df_global_feat = build_global_features(df_vni, df_global, df_ff, df_oil)
                     ^^^^^^^^^^^^^^^^^^^^^^^^^^^^^^^^^^^^^^^^^^^^^^^^^^^^^^^
  File "/home/runner/work/VN_Index_Scoring_Quarterly_Quant_Model/VN_Index_Scoring_Quarterly_Quant_Model/src/features/global_features.py", line 423, in build_global_features
    df_nff = build_foreign_flow_features(df_ff, df_pepb)
             ^^^^^^^^^^^^^^^^^^^^^^^^^^^^^^^^^^^^^^^^^^^
  File "/home/runner/work/VN_Index_Scoring_Quarterly_Quant_Model/VN_Index_Scoring_Quarterly_Quant_Model/src/features/global_features.py", line 261, in build_foreign_flow_features
    df_q = df.set_index("date").resample("QE")[["nff_ex_etf_pct", "etf_flow_pct"]].sum().reset_index()
           ^^^^^^^^^^^^^^^^^^^^^^^^^^^^^^^^^^^
  File "/opt/hostedtoolcache/Python/3.11.16/x64/lib/python3.11/site-packages/pandas/core/generic.py", line 9432, in resample
    return get_resampler(
           ^^^^^^^^^^^^^^
  File "/opt/hostedtoolcache/Python/3.11.16/x64/lib/python3.11/site-packages/pandas/core/resample.py", line 1969, in get_resampler
    tg = TimeGrouper(**kwds)
         ^^^^^^^^^^^^^^^^^^^
  File "/opt/hostedtoolcache/Python/3.11.16/x64/lib/python3.11/site-packages/pandas/core/resample.py", line 2046, in __init__
    freq = to_offset(freq)
           ^^^^^^^^^^^^^^^
  File "offsets.pyx", line 4460, in pandas._libs.tslibs.offsets.to_offset
  File "offsets.pyx", line 4557, in pandas._libs.tslibs.offsets.to_offset
ValueError: Invalid frequency: QE
2026-09-27 21:27:57,146 [INFO] run_quarterly: ============================================================
2026-09-27 21:27:57,146 [INFO] run_quarterly: VN-INDEX QUARTERLY SCORING PIPELINE — 2026-Q2
2026-09-27 21:27:57,146 [INFO] run_quarterly: ============================================================
2026-09-27 21:27:57,146 [INFO] run_quarterly: [1/7] Fetching dữ liệu...
2026-09-27 21:27:57,171 [INFO] src.data.fetcher: [VNI] Dùng cache OHLCV (đến 2026-09-25)
2026-09-27 21:27:57,207 [INFO] src.data.fetcher: [FF] Dùng toàn bộ cache foreign flows (đến 2026-09-25)
2026-09-27 21:27:57,208 [WARNING] src.data.fetcher: [SBV] Không tìm thấy /home/runner/work/VN_Index_Scoring_Quarterly_Quant_Model/VN_Index_Scoring_Quarterly_Quant_Model/data/raw/macro_sbv.csv
Vui lòng tải dữ liệu từ sbv.gov.vn và lưu vào data/raw/macro_sbv.csv
Schema: date, omo_overnight_rate, deposit_12m_rate, usd_vnd_rate
Hiện tại trả về DataFrame trống — một số tính toán sẽ bị skip.
2026-09-27 21:27:57,210 [INFO] src.data.fetcher: [FX] Dùng cache USD/VND (2274 rows)
2026-09-27 21:27:57,211 [INFO] src.data.fetcher: [GLOBAL] Dùng cache global indicators (2276 rows)
2026-09-27 21:27:57,211 [WARNING] src.data.fetcher: [MARGIN] Không tìm thấy /home/runner/work/VN_Index_Scoring_Quarterly_Quant_Model/VN_Index_Scoring_Quarterly_Quant_Model/data/raw/margin_debt_monthly.csv
Lấy từ: https://www.hsx.vn/Modules/Listed/Web/FinanceReport
Schema: date, margin_debt_b_vnd, margin_debt_mom_pct
2026-09-27 21:27:57,212 [WARNING] src.data.fetcher: [M2] Không tìm thấy /home/runner/work/VN_Index_Scoring_Quarterly_Quant_Model/VN_Index_Scoring_Quarterly_Quant_Model/data/raw/m2_credit_monthly.csv
Lấy từ: https://www.sbv.gov.vn → Thống kê → Cung tiền & Tín dụng
Schema: date, m2_yoy_pct, credit_growth_yoy_pct, m2_b_vnd
2026-09-27 21:27:57,212 [INFO] src.data.fetcher: [BONDS] Đang tải dữ liệu trái phiếu từ GitHub Pages: https://ftu-kudo.github.io/VN_Bond_Yield_pipeline/exports/data/fitted_curve_ns.json
2026-09-27 21:27:57,327 [INFO] src.data.fetcher: [BONDS] Tải thành công 1000 ngày dữ liệu trái phiếu từ GitHub
2026-09-27 21:27:57,332 [INFO] src.data.fetcher: [OIL] Dùng cache Brent Oil (2198 rows)
2026-09-27 21:27:57,332 [INFO] run_quarterly: [2/7] Feature engineering...
2026-09-27 21:27:57,332 [INFO] src.features.macro_features: [Macro] Building macro features...
2026-09-27 21:27:57,346 [INFO] src.features.macro_features: [Macro] Đã lưu 1995 rows, 34 cols → /home/runner/work/VN_Index_Scoring_Quarterly_Quant_Model/VN_Index_Scoring_Quarterly_Quant_Model/data/features/macro_features.parquet
2026-09-27 21:27:57,346 [INFO] src.features.global_features: [Global] Building global intermarket features...
/home/runner/work/VN_Index_Scoring_Quarterly_Quant_Model/VN_Index_Scoring_Quarterly_Quant_Model/src/features/global_features.py:54: FutureWarning: The default fill_method='pad' in Series.pct_change is deprecated and will be removed in a future version. Call ffill before calling pct_change to retain current behavior and silence this warning.
  df["delta_dxy"] = df["dxy_close"].pct_change()
/home/runner/work/VN_Index_Scoring_Quarterly_Quant_Model/VN_Index_Scoring_Quarterly_Quant_Model/src/features/global_features.py:63: FutureWarning: The default fill_method='pad' in Series.pct_change is deprecated and will be removed in a future version. Call ffill before calling pct_change to retain current behavior and silence this warning.
  df["dxy_momentum_20d"] = df["dxy_close"].pct_change(20)
2026-09-27 21:27:57,399 [INFO] src.features.valuation_features: [PE/PB] Load từ cache local: 530881 rows
Traceback (most recent call last):
  File "offsets.pyx", line 4447, in pandas._libs.tslibs.offsets._get_offset
KeyError: 'QE'

The above exception was the direct cause of the following exception:

Traceback (most recent call last):
  File "offsets.pyx", line 4549, in pandas._libs.tslibs.offsets.to_offset
  File "offsets.pyx", line 4453, in pandas._libs.tslibs.offsets._get_offset
ValueError: Invalid frequency: QE

The above exception was the direct cause of the following exception:

Traceback (most recent call last):
  File "/home/runner/work/VN_Index_Scoring_Quarterly_Quant_Model/VN_Index_Scoring_Quarterly_Quant_Model/run_quarterly.py", line 498, in <module>
    run_pipeline(args)
  File "/home/runner/work/VN_Index_Scoring_Quarterly_Quant_Model/VN_Index_Scoring_Quarterly_Quant_Model/run_quarterly.py", line 133, in run_pipeline
    df_global_feat = build_global_features(df_vni, df_global, df_ff, df_oil)
                     ^^^^^^^^^^^^^^^^^^^^^^^^^^^^^^^^^^^^^^^^^^^^^^^^^^^^^^^
  File "/home/runner/work/VN_Index_Scoring_Quarterly_Quant_Model/VN_Index_Scoring_Quarterly_Quant_Model/src/features/global_features.py", line 423, in build_global_features
    df_nff = build_foreign_flow_features(df_ff, df_pepb)
             ^^^^^^^^^^^^^^^^^^^^^^^^^^^^^^^^^^^^^^^^^^^
  File "/home/runner/work/VN_Index_Scoring_Quarterly_Quant_Model/VN_Index_Scoring_Quarterly_Quant_Model/src/features/global_features.py", line 261, in build_foreign_flow_features
    df_q = df.set_index("date").resample("QE")[["nff_ex_etf_pct", "etf_flow_pct"]].sum().reset_index()
           ^^^^^^^^^^^^^^^^^^^^^^^^^^^^^^^^^^^
  File "/opt/hostedtoolcache/Python/3.11.16/x64/lib/python3.11/site-packages/pandas/core/generic.py", line 9432, in resample
    return get_resampler(
           ^^^^^^^^^^^^^^
  File "/opt/hostedtoolcache/Python/3.11.16/x64/lib/python3.11/site-packages/pandas/core/resample.py", line 1969, in get_resampler
    tg = TimeGrouper(**kwds)
         ^^^^^^^^^^^^^^^^^^^
  File "/opt/hostedtoolcache/Python/3.11.16/x64/lib/python3.11/site-packages/pandas/core/resample.py", line 2046, in __init__
    freq = to_offset(freq)
           ^^^^^^^^^^^^^^^
  File "offsets.pyx", line 4460, in pandas._libs.tslibs.offsets.to_offset
  File "offsets.pyx", line 4557, in pandas._libs.tslibs.offsets.to_offset
ValueError: Invalid frequency: QE
2026-09-27 21:27:57,865 [INFO] run_quarterly: ============================================================
2026-09-27 21:27:57,865 [INFO] run_quarterly: VN-INDEX QUARTERLY SCORING PIPELINE — 2026-Q3
2026-09-27 21:27:57,865 [INFO] run_quarterly: ============================================================
2026-09-27 21:27:57,865 [INFO] run_quarterly: [1/7] Fetching dữ liệu...
2026-09-27 21:27:57,890 [INFO] src.data.fetcher: [VNI] Dùng cache OHLCV (đến 2026-09-25)
2026-09-27 21:27:57,928 [INFO] src.data.fetcher: [FF] Dùng toàn bộ cache foreign flows (đến 2026-09-25)
2026-09-27 21:27:57,928 [WARNING] src.data.fetcher: [SBV] Không tìm thấy /home/runner/work/VN_Index_Scoring_Quarterly_Quant_Model/VN_Index_Scoring_Quarterly_Quant_Model/data/raw/macro_sbv.csv
Vui lòng tải dữ liệu từ sbv.gov.vn và lưu vào data/raw/macro_sbv.csv
Schema: date, omo_overnight_rate, deposit_12m_rate, usd_vnd_rate
Hiện tại trả về DataFrame trống — một số tính toán sẽ bị skip.
2026-09-27 21:27:57,930 [INFO] src.data.fetcher: [FX] Dùng cache USD/VND (2274 rows)
2026-09-27 21:27:57,932 [INFO] src.data.fetcher: [GLOBAL] Dùng cache global indicators (2276 rows)
2026-09-27 21:27:57,932 [WARNING] src.data.fetcher: [MARGIN] Không tìm thấy /home/runner/work/VN_Index_Scoring_Quarterly_Quant_Model/VN_Index_Scoring_Quarterly_Quant_Model/data/raw/margin_debt_monthly.csv
Lấy từ: https://www.hsx.vn/Modules/Listed/Web/FinanceReport
Schema: date, margin_debt_b_vnd, margin_debt_mom_pct
2026-09-27 21:27:57,932 [WARNING] src.data.fetcher: [M2] Không tìm thấy /home/runner/work/VN_Index_Scoring_Quarterly_Quant_Model/VN_Index_Scoring_Quarterly_Quant_Model/data/raw/m2_credit_monthly.csv
Lấy từ: https://www.sbv.gov.vn → Thống kê → Cung tiền & Tín dụng
Schema: date, m2_yoy_pct, credit_growth_yoy_pct, m2_b_vnd
2026-09-27 21:27:57,933 [INFO] src.data.fetcher: [BONDS] Đang tải dữ liệu trái phiếu từ GitHub Pages: https://ftu-kudo.github.io/VN_Bond_Yield_pipeline/exports/data/fitted_curve_ns.json
2026-09-27 21:27:58,031 [INFO] src.data.fetcher: [BONDS] Tải thành công 1000 ngày dữ liệu trái phiếu từ GitHub
2026-09-27 21:27:58,036 [INFO] src.data.fetcher: [OIL] Dùng cache Brent Oil (2198 rows)
2026-09-27 21:27:58,036 [INFO] run_quarterly: [2/7] Feature engineering...
2026-09-27 21:27:58,036 [INFO] src.features.macro_features: [Macro] Building macro features...
2026-09-27 21:27:58,051 [INFO] src.features.macro_features: [Macro] Đã lưu 1995 rows, 34 cols → /home/runner/work/VN_Index_Scoring_Quarterly_Quant_Model/VN_Index_Scoring_Quarterly_Quant_Model/data/features/macro_features.parquet
2026-09-27 21:27:58,051 [INFO] src.features.global_features: [Global] Building global intermarket features...
/home/runner/work/VN_Index_Scoring_Quarterly_Quant_Model/VN_Index_Scoring_Quarterly_Quant_Model/src/features/global_features.py:54: FutureWarning: The default fill_method='pad' in Series.pct_change is deprecated and will be removed in a future version. Call ffill before calling pct_change to retain current behavior and silence this warning.
  df["delta_dxy"] = df["dxy_close"].pct_change()
/home/runner/work/VN_Index_Scoring_Quarterly_Quant_Model/VN_Index_Scoring_Quarterly_Quant_Model/src/features/global_features.py:63: FutureWarning: The default fill_method='pad' in Series.pct_change is deprecated and will be removed in a future version. Call ffill before calling pct_change to retain current behavior and silence this warning.
  df["dxy_momentum_20d"] = df["dxy_close"].pct_change(20)
2026-09-27 21:27:58,105 [INFO] src.features.valuation_features: [PE/PB] Load từ cache local: 530881 rows
Traceback (most recent call last):
  File "offsets.pyx", line 4447, in pandas._libs.tslibs.offsets._get_offset
KeyError: 'QE'

The above exception was the direct cause of the following exception:

Traceback (most recent call last):
  File "offsets.pyx", line 4549, in pandas._libs.tslibs.offsets.to_offset
  File "offsets.pyx", line 4453, in pandas._libs.tslibs.offsets._get_offset
ValueError: Invalid frequency: QE

The above exception was the direct cause of the following exception:

Traceback (most recent call last):
  File "/home/runner/work/VN_Index_Scoring_Quarterly_Quant_Model/VN_Index_Scoring_Quarterly_Quant_Model/run_quarterly.py", line 498, in <module>
    run_pipeline(args)
  File "/home/runner/work/VN_Index_Scoring_Quarterly_Quant_Model/VN_Index_Scoring_Quarterly_Quant_Model/run_quarterly.py", line 133, in run_pipeline
    df_global_feat = build_global_features(df_vni, df_global, df_ff, df_oil)
                     ^^^^^^^^^^^^^^^^^^^^^^^^^^^^^^^^^^^^^^^^^^^^^^^^^^^^^^^
  File "/home/runner/work/VN_Index_Scoring_Quarterly_Quant_Model/VN_Index_Scoring_Quarterly_Quant_Model/src/features/global_features.py", line 423, in build_global_features
    df_nff = build_foreign_flow_features(df_ff, df_pepb)
             ^^^^^^^^^^^^^^^^^^^^^^^^^^^^^^^^^^^^^^^^^^^
  File "/home/runner/work/VN_Index_Scoring_Quarterly_Quant_Model/VN_Index_Scoring_Quarterly_Quant_Model/src/features/global_features.py", line 261, in build_foreign_flow_features
    df_q = df.set_index("date").resample("QE")[["nff_ex_etf_pct", "etf_flow_pct"]].sum().reset_index()
           ^^^^^^^^^^^^^^^^^^^^^^^^^^^^^^^^^^^
  File "/opt/hostedtoolcache/Python/3.11.16/x64/lib/python3.11/site-packages/pandas/core/generic.py", line 9432, in resample
    return get_resampler(
           ^^^^^^^^^^^^^^
  File "/opt/hostedtoolcache/Python/3.11.16/x64/lib/python3.11/site-packages/pandas/core/resample.py", line 1969, in get_resampler
    tg = TimeGrouper(**kwds)
         ^^^^^^^^^^^^^^^^^^^
  File "/opt/hostedtoolcache/Python/3.11.16/x64/lib/python3.11/site-packages/pandas/core/resample.py", line 2046, in __init__
    freq = to_offset(freq)
           ^^^^^^^^^^^^^^^
  File "offsets.pyx", line 4460, in pandas._libs.tslibs.offsets.to_offset
  File "offsets.pyx", line 4557, in pandas._libs.tslibs.offsets.to_offset
ValueError: Invalid frequency: QE
2026-09-27 21:27:58,565 [INFO] run_quarterly: ============================================================
2026-09-27 21:27:58,565 [INFO] run_quarterly: VN-INDEX QUARTERLY SCORING PIPELINE — 2026-Q4
2026-09-27 21:27:58,565 [INFO] run_quarterly: ============================================================
2026-09-27 21:27:58,565 [INFO] run_quarterly: [1/7] Fetching dữ liệu...
2026-09-27 21:27:58,589 [INFO] src.data.fetcher: [VNI] Dùng cache OHLCV (đến 2026-09-25)
2026-09-27 21:27:58,626 [INFO] src.data.fetcher: [FF] Dùng toàn bộ cache foreign flows (đến 2026-09-25)
2026-09-27 21:27:58,626 [WARNING] src.data.fetcher: [SBV] Không tìm thấy /home/runner/work/VN_Index_Scoring_Quarterly_Quant_Model/VN_Index_Scoring_Quarterly_Quant_Model/data/raw/macro_sbv.csv
Vui lòng tải dữ liệu từ sbv.gov.vn và lưu vào data/raw/macro_sbv.csv
Schema: date, omo_overnight_rate, deposit_12m_rate, usd_vnd_rate
Hiện tại trả về DataFrame trống — một số tính toán sẽ bị skip.
2026-09-27 21:27:58,628 [INFO] src.data.fetcher: [FX] Dùng cache USD/VND (2274 rows)
2026-09-27 21:27:58,629 [INFO] src.data.fetcher: [GLOBAL] Dùng cache global indicators (2276 rows)
2026-09-27 21:27:58,629 [WARNING] src.data.fetcher: [MARGIN] Không tìm thấy /home/runner/work/VN_Index_Scoring_Quarterly_Quant_Model/VN_Index_Scoring_Quarterly_Quant_Model/data/raw/margin_debt_monthly.csv
Lấy từ: https://www.hsx.vn/Modules/Listed/Web/FinanceReport
Schema: date, margin_debt_b_vnd, margin_debt_mom_pct
2026-09-27 21:27:58,630 [WARNING] src.data.fetcher: [M2] Không tìm thấy /home/runner/work/VN_Index_Scoring_Quarterly_Quant_Model/VN_Index_Scoring_Quarterly_Quant_Model/data/raw/m2_credit_monthly.csv
Lấy từ: https://www.sbv.gov.vn → Thống kê → Cung tiền & Tín dụng
Schema: date, m2_yoy_pct, credit_growth_yoy_pct, m2_b_vnd
2026-09-27 21:27:58,630 [INFO] src.data.fetcher: [BONDS] Đang tải dữ liệu trái phiếu từ GitHub Pages: https://ftu-kudo.github.io/VN_Bond_Yield_pipeline/exports/data/fitted_curve_ns.json
2026-09-27 21:27:58,697 [INFO] src.data.fetcher: [BONDS] Tải thành công 1000 ngày dữ liệu trái phiếu từ GitHub
2026-09-27 21:27:58,702 [INFO] src.data.fetcher: [OIL] Dùng cache Brent Oil (2198 rows)
2026-09-27 21:27:58,702 [INFO] run_quarterly: [2/7] Feature engineering...
2026-09-27 21:27:58,702 [INFO] src.features.macro_features: [Macro] Building macro features...
2026-09-27 21:27:58,717 [INFO] src.features.macro_features: [Macro] Đã lưu 1995 rows, 34 cols → /home/runner/work/VN_Index_Scoring_Quarterly_Quant_Model/VN_Index_Scoring_Quarterly_Quant_Model/data/features/macro_features.parquet
2026-09-27 21:27:58,717 [INFO] src.features.global_features: [Global] Building global intermarket features...
/home/runner/work/VN_Index_Scoring_Quarterly_Quant_Model/VN_Index_Scoring_Quarterly_Quant_Model/src/features/global_features.py:54: FutureWarning: The default fill_method='pad' in Series.pct_change is deprecated and will be removed in a future version. Call ffill before calling pct_change to retain current behavior and silence this warning.
  df["delta_dxy"] = df["dxy_close"].pct_change()
/home/runner/work/VN_Index_Scoring_Quarterly_Quant_Model/VN_Index_Scoring_Quarterly_Quant_Model/src/features/global_features.py:63: FutureWarning: The default fill_method='pad' in Series.pct_change is deprecated and will be removed in a future version. Call ffill before calling pct_change to retain current behavior and silence this warning.
  df["dxy_momentum_20d"] = df["dxy_close"].pct_change(20)
2026-09-27 21:27:58,771 [INFO] src.features.valuation_features: [PE/PB] Load từ cache local: 530881 rows
Traceback (most recent call last):
  File "offsets.pyx", line 4447, in pandas._libs.tslibs.offsets._get_offset
KeyError: 'QE'

The above exception was the direct cause of the following exception:

Traceback (most recent call last):
  File "offsets.pyx", line 4549, in pandas._libs.tslibs.offsets.to_offset
  File "offsets.pyx", line 4453, in pandas._libs.tslibs.offsets._get_offset
ValueError: Invalid frequency: QE

The above exception was the direct cause of the following exception:

Traceback (most recent call last):
  File "/home/runner/work/VN_Index_Scoring_Quarterly_Quant_Model/VN_Index_Scoring_Quarterly_Quant_Model/run_quarterly.py", line 498, in <module>
    run_pipeline(args)
  File "/home/runner/work/VN_Index_Scoring_Quarterly_Quant_Model/VN_Index_Scoring_Quarterly_Quant_Model/run_quarterly.py", line 133, in run_pipeline
    df_global_feat = build_global_features(df_vni, df_global, df_ff, df_oil)
                     ^^^^^^^^^^^^^^^^^^^^^^^^^^^^^^^^^^^^^^^^^^^^^^^^^^^^^^^
  File "/home/runner/work/VN_Index_Scoring_Quarterly_Quant_Model/VN_Index_Scoring_Quarterly_Quant_Model/src/features/global_features.py", line 423, in build_global_features
    df_nff = build_foreign_flow_features(df_ff, df_pepb)
             ^^^^^^^^^^^^^^^^^^^^^^^^^^^^^^^^^^^^^^^^^^^
  File "/home/runner/work/VN_Index_Scoring_Quarterly_Quant_Model/VN_Index_Scoring_Quarterly_Quant_Model/src/features/global_features.py", line 261, in build_foreign_flow_features
    df_q = df.set_index("date").resample("QE")[["nff_ex_etf_pct", "etf_flow_pct"]].sum().reset_index()
           ^^^^^^^^^^^^^^^^^^^^^^^^^^^^^^^^^^^
  File "/opt/hostedtoolcache/Python/3.11.16/x64/lib/python3.11/site-packages/pandas/core/generic.py", line 9432, in resample
    return get_resampler(
           ^^^^^^^^^^^^^^
  File "/opt/hostedtoolcache/Python/3.11.16/x64/lib/python3.11/site-packages/pandas/core/resample.py", line 1969, in get_resampler
    tg = TimeGrouper(**kwds)
         ^^^^^^^^^^^^^^^^^^^
  File "/opt/hostedtoolcache/Python/3.11.16/x64/lib/python3.11/site-packages/pandas/core/resample.py", line 2046, in __init__
    freq = to_offset(freq)
           ^^^^^^^^^^^^^^^
  File "offsets.pyx", line 4460, in pandas._libs.tslibs.offsets.to_offset
  File "offsets.pyx", line 4557, in pandas._libs.tslibs.offsets.to_offset
ValueError: Invalid frequency: QE

===== FAILURES =====
FAILED: 2021-Q1
FAILED: 2021-Q2
FAILED: 2021-Q3
FAILED: 2021-Q4
FAILED: 2022-Q1
FAILED: 2022-Q2
FAILED: 2022-Q3
FAILED: 2022-Q4
FAILED: 2023-Q1
FAILED: 2023-Q2
FAILED: 2023-Q3
FAILED: 2023-Q4
FAILED: 2024-Q1
FAILED: 2024-Q2
FAILED: 2024-Q3
FAILED: 2024-Q4
FAILED: 2025-Q1
FAILED: 2025-Q2
FAILED: 2025-Q3
FAILED: 2025-Q4
FAILED: 2026-Q1
FAILED: 2026-Q2
FAILED: 2026-Q3
FAILED: 2026-Q4

===== pipeline logs/ =====
Schema: date, omo_overnight_rate, deposit_12m_rate, usd_vnd_rate
Hiện tại trả về DataFrame trống — một số tính toán sẽ bị skip.
2026-09-27 21:27:53,679 [INFO] src.data.fetcher: [FX] Dùng cache USD/VND (2274 rows)
2026-09-27 21:27:53,680 [INFO] src.data.fetcher: [GLOBAL] Dùng cache global indicators (2276 rows)
2026-09-27 21:27:53,680 [WARNING] src.data.fetcher: [MARGIN] Không tìm thấy /home/runner/work/VN_Index_Scoring_Quarterly_Quant_Model/VN_Index_Scoring_Quarterly_Quant_Model/data/raw/margin_debt_monthly.csv
Lấy từ: https://www.hsx.vn/Modules/Listed/Web/FinanceReport
Schema: date, margin_debt_b_vnd, margin_debt_mom_pct
2026-09-27 21:27:53,681 [WARNING] src.data.fetcher: [M2] Không tìm thấy /home/runner/work/VN_Index_Scoring_Quarterly_Quant_Model/VN_Index_Scoring_Quarterly_Quant_Model/data/raw/m2_credit_monthly.csv
Lấy từ: https://www.sbv.gov.vn → Thống kê → Cung tiền & Tín dụng
Schema: date, m2_yoy_pct, credit_growth_yoy_pct, m2_b_vnd
2026-09-27 21:27:53,681 [INFO] src.data.fetcher: [BONDS] Đang tải dữ liệu trái phiếu từ GitHub Pages: https://ftu-kudo.github.io/VN_Bond_Yield_pipeline/exports/data/fitted_curve_ns.json
2026-09-27 21:27:53,781 [INFO] src.data.fetcher: [BONDS] Tải thành công 1000 ngày dữ liệu trái phiếu từ GitHub
2026-09-27 21:27:53,786 [INFO] src.data.fetcher: [OIL] Dùng cache Brent Oil (2198 rows)
2026-09-27 21:27:53,786 [INFO] run_quarterly: [2/7] Feature engineering...
2026-09-27 21:27:53,786 [INFO] src.features.macro_features: [Macro] Building macro features...
2026-09-27 21:27:53,889 [INFO] src.features.macro_features: [Macro] Đã lưu 1995 rows, 34 cols → /home/runner/work/VN_Index_Scoring_Quarterly_Quant_Model/VN_Index_Scoring_Quarterly_Quant_Model/data/features/macro_features.parquet
2026-09-27 21:27:53,889 [INFO] src.features.global_features: [Global] Building global intermarket features...
2026-09-27 21:27:53,942 [INFO] src.features.valuation_features: [PE/PB] Load từ cache local: 530881 rows
2026-09-27 21:27:54,395 [INFO] run_quarterly: ============================================================
2026-09-27 21:27:54,395 [INFO] run_quarterly: VN-INDEX QUARTERLY SCORING PIPELINE — 2025-Q2
2026-09-27 21:27:54,395 [INFO] run_quarterly: ============================================================
2026-09-27 21:27:54,395 [INFO] run_quarterly: [1/7] Fetching dữ liệu...
2026-09-27 21:27:54,420 [INFO] src.data.fetcher: [VNI] Dùng cache OHLCV (đến 2026-09-25)
2026-09-27 21:27:54,456 [INFO] src.data.fetcher: [FF] Dùng toàn bộ cache foreign flows (đến 2026-09-25)
2026-09-27 21:27:54,456 [WARNING] src.data.fetcher: [SBV] Không tìm thấy /home/runner/work/VN_Index_Scoring_Quarterly_Quant_Model/VN_Index_Scoring_Quarterly_Quant_Model/data/raw/macro_sbv.csv
Vui lòng tải dữ liệu từ sbv.gov.vn và lưu vào data/raw/macro_sbv.csv
Schema: date, omo_overnight_rate, deposit_12m_rate, usd_vnd_rate
Hiện tại trả về DataFrame trống — một số tính toán sẽ bị skip.
2026-09-27 21:27:54,459 [INFO] src.data.fetcher: [FX] Dùng cache USD/VND (2274 rows)
2026-09-27 21:27:54,460 [INFO] src.data.fetcher: [GLOBAL] Dùng cache global indicators (2276 rows)
2026-09-27 21:27:54,460 [WARNING] src.data.fetcher: [MARGIN] Không tìm thấy /home/runner/work/VN_Index_Scoring_Quarterly_Quant_Model/VN_Index_Scoring_Quarterly_Quant_Model/data/raw/margin_debt_monthly.csv
Lấy từ: https://www.hsx.vn/Modules/Listed/Web/FinanceReport
Schema: date, margin_debt_b_vnd, margin_debt_mom_pct
2026-09-27 21:27:54,461 [WARNING] src.data.fetcher: [M2] Không tìm thấy /home/runner/work/VN_Index_Scoring_Quarterly_Quant_Model/VN_Index_Scoring_Quarterly_Quant_Model/data/raw/m2_credit_monthly.csv
Lấy từ: https://www.sbv.gov.vn → Thống kê → Cung tiền & Tín dụng
Schema: date, m2_yoy_pct, credit_growth_yoy_pct, m2_b_vnd
2026-09-27 21:27:54,461 [INFO] src.data.fetcher: [BONDS] Đang tải dữ liệu trái phiếu từ GitHub Pages: https://ftu-kudo.github.io/VN_Bond_Yield_pipeline/exports/data/fitted_curve_ns.json
2026-09-27 21:27:54,539 [INFO] src.data.fetcher: [BONDS] Tải thành công 1000 ngày dữ liệu trái phiếu từ GitHub
2026-09-27 21:27:54,546 [INFO] src.data.fetcher: [OIL] Dùng cache Brent Oil (2198 rows)
2026-09-27 21:27:54,546 [INFO] run_quarterly: [2/7] Feature engineering...
2026-09-27 21:27:54,546 [INFO] src.features.macro_features: [Macro] Building macro features...
2026-09-27 21:27:54,560 [INFO] src.features.macro_features: [Macro] Đã lưu 1995 rows, 34 cols → /home/runner/work/VN_Index_Scoring_Quarterly_Quant_Model/VN_Index_Scoring_Quarterly_Quant_Model/data/features/macro_features.parquet
2026-09-27 21:27:54,561 [INFO] src.features.global_features: [Global] Building global intermarket features...
2026-09-27 21:27:54,612 [INFO] src.features.valuation_features: [PE/PB] Load từ cache local: 530881 rows
2026-09-27 21:27:55,050 [INFO] run_quarterly: ============================================================
2026-09-27 21:27:55,050 [INFO] run_quarterly: VN-INDEX QUARTERLY SCORING PIPELINE — 2025-Q3
2026-09-27 21:27:55,050 [INFO] run_quarterly: ============================================================
2026-09-27 21:27:55,050 [INFO] run_quarterly: [1/7] Fetching dữ liệu...
2026-09-27 21:27:55,077 [INFO] src.data.fetcher: [VNI] Dùng cache OHLCV (đến 2026-09-25)
2026-09-27 21:27:55,117 [INFO] src.data.fetcher: [FF] Dùng toàn bộ cache foreign flows (đến 2026-09-25)
2026-09-27 21:27:55,117 [WARNING] src.data.fetcher: [SBV] Không tìm thấy /home/runner/work/VN_Index_Scoring_Quarterly_Quant_Model/VN_Index_Scoring_Quarterly_Quant_Model/data/raw/macro_sbv.csv
Vui lòng tải dữ liệu từ sbv.gov.vn và lưu vào data/raw/macro_sbv.csv
Schema: date, omo_overnight_rate, deposit_12m_rate, usd_vnd_rate
Hiện tại trả về DataFrame trống — một số tính toán sẽ bị skip.
2026-09-27 21:27:55,119 [INFO] src.data.fetcher: [FX] Dùng cache USD/VND (2274 rows)
2026-09-27 21:27:55,121 [INFO] src.data.fetcher: [GLOBAL] Dùng cache global indicators (2276 rows)
2026-09-27 21:27:55,121 [WARNING] src.data.fetcher: [MARGIN] Không tìm thấy /home/runner/work/VN_Index_Scoring_Quarterly_Quant_Model/VN_Index_Scoring_Quarterly_Quant_Model/data/raw/margin_debt_monthly.csv
Lấy từ: https://www.hsx.vn/Modules/Listed/Web/FinanceReport
Schema: date, margin_debt_b_vnd, margin_debt_mom_pct
2026-09-27 21:27:55,122 [WARNING] src.data.fetcher: [M2] Không tìm thấy /home/runner/work/VN_Index_Scoring_Quarterly_Quant_Model/VN_Index_Scoring_Quarterly_Quant_Model/data/raw/m2_credit_monthly.csv
Lấy từ: https://www.sbv.gov.vn → Thống kê → Cung tiền & Tín dụng
Schema: date, m2_yoy_pct, credit_growth_yoy_pct, m2_b_vnd
2026-09-27 21:27:55,122 [INFO] src.data.fetcher: [BONDS] Đang tải dữ liệu trái phiếu từ GitHub Pages: https://ftu-kudo.github.io/VN_Bond_Yield_pipeline/exports/data/fitted_curve_ns.json
2026-09-27 21:27:55,232 [INFO] src.data.fetcher: [BONDS] Tải thành công 1000 ngày dữ liệu trái phiếu từ GitHub
2026-09-27 21:27:55,237 [INFO] src.data.fetcher: [OIL] Dùng cache Brent Oil (2198 rows)
2026-09-27 21:27:55,237 [INFO] run_quarterly: [2/7] Feature engineering...
2026-09-27 21:27:55,237 [INFO] src.features.macro_features: [Macro] Building macro features...
2026-09-27 21:27:55,255 [INFO] src.features.macro_features: [Macro] Đã lưu 1995 rows, 34 cols → /home/runner/work/VN_Index_Scoring_Quarterly_Quant_Model/VN_Index_Scoring_Quarterly_Quant_Model/data/features/macro_features.parquet
2026-09-27 21:27:55,255 [INFO] src.features.global_features: [Global] Building global intermarket features...
2026-09-27 21:27:55,306 [INFO] src.features.valuation_features: [PE/PB] Load từ cache local: 530881 rows
2026-09-27 21:27:55,738 [INFO] run_quarterly: ============================================================
2026-09-27 21:27:55,738 [INFO] run_quarterly: VN-INDEX QUARTERLY SCORING PIPELINE — 2025-Q4
2026-09-27 21:27:55,738 [INFO] run_quarterly: ============================================================
2026-09-27 21:27:55,738 [INFO] run_quarterly: [1/7] Fetching dữ liệu...
2026-09-27 21:27:55,763 [INFO] src.data.fetcher: [VNI] Dùng cache OHLCV (đến 2026-09-25)
2026-09-27 21:27:55,800 [INFO] src.data.fetcher: [FF] Dùng toàn bộ cache foreign flows (đến 2026-09-25)
2026-09-27 21:27:55,800 [WARNING] src.data.fetcher: [SBV] Không tìm thấy /home/runner/work/VN_Index_Scoring_Quarterly_Quant_Model/VN_Index_Scoring_Quarterly_Quant_Model/data/raw/macro_sbv.csv
Vui lòng tải dữ liệu từ sbv.gov.vn và lưu vào data/raw/macro_sbv.csv
Schema: date, omo_overnight_rate, deposit_12m_rate, usd_vnd_rate
Hiện tại trả về DataFrame trống — một số tính toán sẽ bị skip.
2026-09-27 21:27:55,802 [INFO] src.data.fetcher: [FX] Dùng cache USD/VND (2274 rows)
2026-09-27 21:27:55,803 [INFO] src.data.fetcher: [GLOBAL] Dùng cache global indicators (2276 rows)
2026-09-27 21:27:55,803 [WARNING] src.data.fetcher: [MARGIN] Không tìm thấy /home/runner/work/VN_Index_Scoring_Quarterly_Quant_Model/VN_Index_Scoring_Quarterly_Quant_Model/data/raw/margin_debt_monthly.csv
Lấy từ: https://www.hsx.vn/Modules/Listed/Web/FinanceReport
Schema: date, margin_debt_b_vnd, margin_debt_mom_pct
2026-09-27 21:27:55,804 [WARNING] src.data.fetcher: [M2] Không tìm thấy /home/runner/work/VN_Index_Scoring_Quarterly_Quant_Model/VN_Index_Scoring_Quarterly_Quant_Model/data/raw/m2_credit_monthly.csv
Lấy từ: https://www.sbv.gov.vn → Thống kê → Cung tiền & Tín dụng
Schema: date, m2_yoy_pct, credit_growth_yoy_pct, m2_b_vnd
2026-09-27 21:27:55,804 [INFO] src.data.fetcher: [BONDS] Đang tải dữ liệu trái phiếu từ GitHub Pages: https://ftu-kudo.github.io/VN_Bond_Yield_pipeline/exports/data/fitted_curve_ns.json
2026-09-27 21:27:55,908 [INFO] src.data.fetcher: [BONDS] Tải thành công 1000 ngày dữ liệu trái phiếu từ GitHub
2026-09-27 21:27:55,913 [INFO] src.data.fetcher: [OIL] Dùng cache Brent Oil (2198 rows)
2026-09-27 21:27:55,913 [INFO] run_quarterly: [2/7] Feature engineering...
2026-09-27 21:27:55,913 [INFO] src.features.macro_features: [Macro] Building macro features...
2026-09-27 21:27:55,927 [INFO] src.features.macro_features: [Macro] Đã lưu 1995 rows, 34 cols → /home/runner/work/VN_Index_Scoring_Quarterly_Quant_Model/VN_Index_Scoring_Quarterly_Quant_Model/data/features/macro_features.parquet
2026-09-27 21:27:55,927 [INFO] src.features.global_features: [Global] Building global intermarket features...
2026-09-27 21:27:55,979 [INFO] src.features.valuation_features: [PE/PB] Load từ cache local: 530881 rows
2026-09-27 21:27:56,448 [INFO] run_quarterly: ============================================================
2026-09-27 21:27:56,448 [INFO] run_quarterly: VN-INDEX QUARTERLY SCORING PIPELINE — 2026-Q1
2026-09-27 21:27:56,448 [INFO] run_quarterly: ============================================================
2026-09-27 21:27:56,448 [INFO] run_quarterly: [1/7] Fetching dữ liệu...
2026-09-27 21:27:56,473 [INFO] src.data.fetcher: [VNI] Dùng cache OHLCV (đến 2026-09-25)
2026-09-27 21:27:56,510 [INFO] src.data.fetcher: [FF] Dùng toàn bộ cache foreign flows (đến 2026-09-25)
2026-09-27 21:27:56,511 [WARNING] src.data.fetcher: [SBV] Không tìm thấy /home/runner/work/VN_Index_Scoring_Quarterly_Quant_Model/VN_Index_Scoring_Quarterly_Quant_Model/data/raw/macro_sbv.csv
Vui lòng tải dữ liệu từ sbv.gov.vn và lưu vào data/raw/macro_sbv.csv
Schema: date, omo_overnight_rate, deposit_12m_rate, usd_vnd_rate
Hiện tại trả về DataFrame trống — một số tính toán sẽ bị skip.
2026-09-27 21:27:56,513 [INFO] src.data.fetcher: [FX] Dùng cache USD/VND (2274 rows)
2026-09-27 21:27:56,514 [INFO] src.data.fetcher: [GLOBAL] Dùng cache global indicators (2276 rows)
2026-09-27 21:27:56,515 [WARNING] src.data.fetcher: [MARGIN] Không tìm thấy /home/runner/work/VN_Index_Scoring_Quarterly_Quant_Model/VN_Index_Scoring_Quarterly_Quant_Model/data/raw/margin_debt_monthly.csv
Lấy từ: https://www.hsx.vn/Modules/Listed/Web/FinanceReport
Schema: date, margin_debt_b_vnd, margin_debt_mom_pct
2026-09-27 21:27:56,515 [WARNING] src.data.fetcher: [M2] Không tìm thấy /home/runner/work/VN_Index_Scoring_Quarterly_Quant_Model/VN_Index_Scoring_Quarterly_Quant_Model/data/raw/m2_credit_monthly.csv
Lấy từ: https://www.sbv.gov.vn → Thống kê → Cung tiền & Tín dụng
Schema: date, m2_yoy_pct, credit_growth_yoy_pct, m2_b_vnd
2026-09-27 21:27:56,515 [INFO] src.data.fetcher: [BONDS] Đang tải dữ liệu trái phiếu từ GitHub Pages: https://ftu-kudo.github.io/VN_Bond_Yield_pipeline/exports/data/fitted_curve_ns.json
2026-09-27 21:27:56,580 [INFO] src.data.fetcher: [BONDS] Tải thành công 1000 ngày dữ liệu trái phiếu từ GitHub
2026-09-27 21:27:56,585 [INFO] src.data.fetcher: [OIL] Dùng cache Brent Oil (2198 rows)
2026-09-27 21:27:56,585 [INFO] run_quarterly: [2/7] Feature engineering...
2026-09-27 21:27:56,585 [INFO] src.features.macro_features: [Macro] Building macro features...
2026-09-27 21:27:56,600 [INFO] src.features.macro_features: [Macro] Đã lưu 1995 rows, 34 cols → /home/runner/work/VN_Index_Scoring_Quarterly_Quant_Model/VN_Index_Scoring_Quarterly_Quant_Model/data/features/macro_features.parquet
2026-09-27 21:27:56,600 [INFO] src.features.global_features: [Global] Building global intermarket features...
2026-09-27 21:27:56,653 [INFO] src.features.valuation_features: [PE/PB] Load từ cache local: 530881 rows
2026-09-27 21:27:57,146 [INFO] run_quarterly: ============================================================
2026-09-27 21:27:57,146 [INFO] run_quarterly: VN-INDEX QUARTERLY SCORING PIPELINE — 2026-Q2
2026-09-27 21:27:57,146 [INFO] run_quarterly: ============================================================
2026-09-27 21:27:57,146 [INFO] run_quarterly: [1/7] Fetching dữ liệu...
2026-09-27 21:27:57,171 [INFO] src.data.fetcher: [VNI] Dùng cache OHLCV (đến 2026-09-25)
2026-09-27 21:27:57,207 [INFO] src.data.fetcher: [FF] Dùng toàn bộ cache foreign flows (đến 2026-09-25)
2026-09-27 21:27:57,208 [WARNING] src.data.fetcher: [SBV] Không tìm thấy /home/runner/work/VN_Index_Scoring_Quarterly_Quant_Model/VN_Index_Scoring_Quarterly_Quant_Model/data/raw/macro_sbv.csv
Vui lòng tải dữ liệu từ sbv.gov.vn và lưu vào data/raw/macro_sbv.csv
Schema: date, omo_overnight_rate, deposit_12m_rate, usd_vnd_rate
Hiện tại trả về DataFrame trống — một số tính toán sẽ bị skip.
2026-09-27 21:27:57,210 [INFO] src.data.fetcher: [FX] Dùng cache USD/VND (2274 rows)
2026-09-27 21:27:57,211 [INFO] src.data.fetcher: [GLOBAL] Dùng cache global indicators (2276 rows)
2026-09-27 21:27:57,211 [WARNING] src.data.fetcher: [MARGIN] Không tìm thấy /home/runner/work/VN_Index_Scoring_Quarterly_Quant_Model/VN_Index_Scoring_Quarterly_Quant_Model/data/raw/margin_debt_monthly.csv
Lấy từ: https://www.hsx.vn/Modules/Listed/Web/FinanceReport
Schema: date, margin_debt_b_vnd, margin_debt_mom_pct
2026-09-27 21:27:57,212 [WARNING] src.data.fetcher: [M2] Không tìm thấy /home/runner/work/VN_Index_Scoring_Quarterly_Quant_Model/VN_Index_Scoring_Quarterly_Quant_Model/data/raw/m2_credit_monthly.csv
Lấy từ: https://www.sbv.gov.vn → Thống kê → Cung tiền & Tín dụng
Schema: date, m2_yoy_pct, credit_growth_yoy_pct, m2_b_vnd
2026-09-27 21:27:57,212 [INFO] src.data.fetcher: [BONDS] Đang tải dữ liệu trái phiếu từ GitHub Pages: https://ftu-kudo.github.io/VN_Bond_Yield_pipeline/exports/data/fitted_curve_ns.json
2026-09-27 21:27:57,327 [INFO] src.data.fetcher: [BONDS] Tải thành công 1000 ngày dữ liệu trái phiếu từ GitHub
2026-09-27 21:27:57,332 [INFO] src.data.fetcher: [OIL] Dùng cache Brent Oil (2198 rows)
2026-09-27 21:27:57,332 [INFO] run_quarterly: [2/7] Feature engineering...
2026-09-27 21:27:57,332 [INFO] src.features.macro_features: [Macro] Building macro features...
2026-09-27 21:27:57,346 [INFO] src.features.macro_features: [Macro] Đã lưu 1995 rows, 34 cols → /home/runner/work/VN_Index_Scoring_Quarterly_Quant_Model/VN_Index_Scoring_Quarterly_Quant_Model/data/features/macro_features.parquet
2026-09-27 21:27:57,346 [INFO] src.features.global_features: [Global] Building global intermarket features...
2026-09-27 21:27:57,399 [INFO] src.features.valuation_features: [PE/PB] Load từ cache local: 530881 rows
2026-09-27 21:27:57,865 [INFO] run_quarterly: ============================================================
2026-09-27 21:27:57,865 [INFO] run_quarterly: VN-INDEX QUARTERLY SCORING PIPELINE — 2026-Q3
2026-09-27 21:27:57,865 [INFO] run_quarterly: ============================================================
2026-09-27 21:27:57,865 [INFO] run_quarterly: [1/7] Fetching dữ liệu...
2026-09-27 21:27:57,890 [INFO] src.data.fetcher: [VNI] Dùng cache OHLCV (đến 2026-09-25)
2026-09-27 21:27:57,928 [INFO] src.data.fetcher: [FF] Dùng toàn bộ cache foreign flows (đến 2026-09-25)
2026-09-27 21:27:57,928 [WARNING] src.data.fetcher: [SBV] Không tìm thấy /home/runner/work/VN_Index_Scoring_Quarterly_Quant_Model/VN_Index_Scoring_Quarterly_Quant_Model/data/raw/macro_sbv.csv
Vui lòng tải dữ liệu từ sbv.gov.vn và lưu vào data/raw/macro_sbv.csv
Schema: date, omo_overnight_rate, deposit_12m_rate, usd_vnd_rate
Hiện tại trả về DataFrame trống — một số tính toán sẽ bị skip.
2026-09-27 21:27:57,930 [INFO] src.data.fetcher: [FX] Dùng cache USD/VND (2274 rows)
2026-09-27 21:27:57,932 [INFO] src.data.fetcher: [GLOBAL] Dùng cache global indicators (2276 rows)
2026-09-27 21:27:57,932 [WARNING] src.data.fetcher: [MARGIN] Không tìm thấy /home/runner/work/VN_Index_Scoring_Quarterly_Quant_Model/VN_Index_Scoring_Quarterly_Quant_Model/data/raw/margin_debt_monthly.csv
Lấy từ: https://www.hsx.vn/Modules/Listed/Web/FinanceReport
Schema: date, margin_debt_b_vnd, margin_debt_mom_pct
2026-09-27 21:27:57,932 [WARNING] src.data.fetcher: [M2] Không tìm thấy /home/runner/work/VN_Index_Scoring_Quarterly_Quant_Model/VN_Index_Scoring_Quarterly_Quant_Model/data/raw/m2_credit_monthly.csv
Lấy từ: https://www.sbv.gov.vn → Thống kê → Cung tiền & Tín dụng
Schema: date, m2_yoy_pct, credit_growth_yoy_pct, m2_b_vnd
2026-09-27 21:27:57,933 [INFO] src.data.fetcher: [BONDS] Đang tải dữ liệu trái phiếu từ GitHub Pages: https://ftu-kudo.github.io/VN_Bond_Yield_pipeline/exports/data/fitted_curve_ns.json
2026-09-27 21:27:58,031 [INFO] src.data.fetcher: [BONDS] Tải thành công 1000 ngày dữ liệu trái phiếu từ GitHub
2026-09-27 21:27:58,036 [INFO] src.data.fetcher: [OIL] Dùng cache Brent Oil (2198 rows)
2026-09-27 21:27:58,036 [INFO] run_quarterly: [2/7] Feature engineering...
2026-09-27 21:27:58,036 [INFO] src.features.macro_features: [Macro] Building macro features...
2026-09-27 21:27:58,051 [INFO] src.features.macro_features: [Macro] Đã lưu 1995 rows, 34 cols → /home/runner/work/VN_Index_Scoring_Quarterly_Quant_Model/VN_Index_Scoring_Quarterly_Quant_Model/data/features/macro_features.parquet
2026-09-27 21:27:58,051 [INFO] src.features.global_features: [Global] Building global intermarket features...
2026-09-27 21:27:58,105 [INFO] src.features.valuation_features: [PE/PB] Load từ cache local: 530881 rows
2026-09-27 21:27:58,565 [INFO] run_quarterly: ============================================================
2026-09-27 21:27:58,565 [INFO] run_quarterly: VN-INDEX QUARTERLY SCORING PIPELINE — 2026-Q4
2026-09-27 21:27:58,565 [INFO] run_quarterly: ============================================================
2026-09-27 21:27:58,565 [INFO] run_quarterly: [1/7] Fetching dữ liệu...
2026-09-27 21:27:58,589 [INFO] src.data.fetcher: [VNI] Dùng cache OHLCV (đến 2026-09-25)
2026-09-27 21:27:58,626 [INFO] src.data.fetcher: [FF] Dùng toàn bộ cache foreign flows (đến 2026-09-25)
2026-09-27 21:27:58,626 [WARNING] src.data.fetcher: [SBV] Không tìm thấy /home/runner/work/VN_Index_Scoring_Quarterly_Quant_Model/VN_Index_Scoring_Quarterly_Quant_Model/data/raw/macro_sbv.csv
Vui lòng tải dữ liệu từ sbv.gov.vn và lưu vào data/raw/macro_sbv.csv
Schema: date, omo_overnight_rate, deposit_12m_rate, usd_vnd_rate
Hiện tại trả về DataFrame trống — một số tính toán sẽ bị skip.
2026-09-27 21:27:58,628 [INFO] src.data.fetcher: [FX] Dùng cache USD/VND (2274 rows)
2026-09-27 21:27:58,629 [INFO] src.data.fetcher: [GLOBAL] Dùng cache global indicators (2276 rows)
2026-09-27 21:27:58,629 [WARNING] src.data.fetcher: [MARGIN] Không tìm thấy /home/runner/work/VN_Index_Scoring_Quarterly_Quant_Model/VN_Index_Scoring_Quarterly_Quant_Model/data/raw/margin_debt_monthly.csv
Lấy từ: https://www.hsx.vn/Modules/Listed/Web/FinanceReport
Schema: date, margin_debt_b_vnd, margin_debt_mom_pct
2026-09-27 21:27:58,630 [WARNING] src.data.fetcher: [M2] Không tìm thấy /home/runner/work/VN_Index_Scoring_Quarterly_Quant_Model/VN_Index_Scoring_Quarterly_Quant_Model/data/raw/m2_credit_monthly.csv
Lấy từ: https://www.sbv.gov.vn → Thống kê → Cung tiền & Tín dụng
Schema: date, m2_yoy_pct, credit_growth_yoy_pct, m2_b_vnd
2026-09-27 21:27:58,630 [INFO] src.data.fetcher: [BONDS] Đang tải dữ liệu trái phiếu từ GitHub Pages: https://ftu-kudo.github.io/VN_Bond_Yield_pipeline/exports/data/fitted_curve_ns.json
2026-09-27 21:27:58,697 [INFO] src.data.fetcher: [BONDS] Tải thành công 1000 ngày dữ liệu trái phiếu từ GitHub
2026-09-27 21:27:58,702 [INFO] src.data.fetcher: [OIL] Dùng cache Brent Oil (2198 rows)
2026-09-27 21:27:58,702 [INFO] run_quarterly: [2/7] Feature engineering...
2026-09-27 21:27:58,702 [INFO] src.features.macro_features: [Macro] Building macro features...
2026-09-27 21:27:58,717 [INFO] src.features.macro_features: [Macro] Đã lưu 1995 rows, 34 cols → /home/runner/work/VN_Index_Scoring_Quarterly_Quant_Model/VN_Index_Scoring_Quarterly_Quant_Model/data/features/macro_features.parquet
2026-09-27 21:27:58,717 [INFO] src.features.global_features: [Global] Building global intermarket features...
2026-09-27 21:27:58,771 [INFO] src.features.valuation_features: [PE/PB] Load từ cache local: 530881 rows
